moon 0.1.20260824 (dae026a 2026-08-24) ~\.moon\bin\moon.exe
moonc v0.10.10+f8a486b6f (2026-08-21) ~\.moon\bin\moonc.exe
moonrun 0.1.20260824 (dae026a 2026-08-24) ~\.moon\bin\moonrun.exe

Feature flags enabled: rr_moon_mod,rr_moon_pkg
Finished. moon: ran 2 tasks, now up to date
Finished. moon: ran 132 tasks, now up to date
Finished. moon: ran 52 tasks, now up to date
Finished. moon: no work to do
manifest.internal_test.c
matcher.internal_test.c
score.internal_test.c
text.internal_test.c
model.blackbox_test.c
ddmin.blackbox_test.c
sha256.blackbox_test.c
stability.blackbox_test.c
structured.internal_test.c
text.blackbox_test.c
glob.internal_test.c
manifest.internal_test.c
engine.internal_test.c
advanced.internal_test.c
moon_syntax.internal_test.c
api.internal_test.c
token.blackbox_test.c
api.blackbox_test.c
MoonReduce.internal_test.c
config.internal_test.c
project.internal_test.c
glob.blackbox_test.c
regex.blackbox_test.c
MoonReduce.whitebox_test.c
matcher.blackbox_test.c
source.blackbox_test.c
process.internal_test.c
report.internal_test.c
advanced.blackbox_test.c
native.internal_test.c
manifest.blackbox_test.c
main.internal_test.c
moon_syntax.blackbox_test.c
engine.blackbox_test.c
manifest.blackbox_test.c
score.blackbox_test.c
process_probe.internal_test.c
custom_pass.internal_test.c
structured.blackbox_test.c
report.blackbox_test.c
config.blackbox_test.c
project.blackbox_test.c
MoonReduce.blackbox_test.c
custom_pass.blackbox_test.c
process.blackbox_test.c
process_probe.blackbox_test.c
native.blackbox_test.c
main.blackbox_test.c
MR_CFG_FILE: cannot read or parse configuration JSON
MR_CFG_FILE: cannot read or parse configuration JSON
MR_CFG_REPLAY: replay report.json [--output NEW_DIRECTORY]
MR_CFG_VALIDATE: config validate FILE
Replay: C:/Users/ddfgg/AppData/Local/Temp/moonreduce-project-e2e-.32192.41d2fcf9/out-replay/replay.json
Replay: C:/Users/ddfgg/AppData/Local/Temp/moonreduce-project-e2e-.32192.bce04bff/out-replay/replay.json
MoonReduce baseline: 1 commands, 14 bytes
MoonReduce reducing: 2 commands, 14 bytes
MoonReduce reducing: 3 commands, 14 bytes
MoonReduce reducing: 4 commands, 14 bytes
MoonReduce reducing: 6 commands, 5 bytes
MoonReduce reducing: 7 commands, 5 bytes
MoonReduce reducing: 8 commands, 5 bytes
MoonReduce final: 9 commands, 5 bytes
MoonReduce final: 10 commands, 5 bytes
MoonReduce stopped: 11 commands, 5 bytes
Total tests: 492, passed: 492, failed: 0.
Total tests: 435, passed: 435, failed: 0.
Total tests: 435, passed: 435, failed: 0.
MoonReduce 1.0.0 — trusted-project testcase reduction
moonreduce check [options] -- executable arg ...
moonreduce reduce [options] -- executable arg ...
moonreduce resume checkpoint.json [--output DIR] [--max-tests N]
moonreduce replay report.json [--output DIR]
moonreduce explain report.json
moonreduce diff report.json
moonreduce config validate FILE
moonreduce cache stats [--run DIR]
moonreduce cache clean --run DIR
moonreduce passes

--workspace DIR         input project (default .)
--project              reduce selected files as one project
--include GLOB         selected source pattern (repeatable)
--jobs N               project worker count, default 1
--score bytes|tokens|lines
--pass-include NAME / --pass-exclude NAME (repeatable)
--keep-workdir         retain candidate copies for inspection
--repeat N / --quorum K  project candidate repeats and acceptance threshold
--consecutive          require consecutive successes
--final-repeat N / --final-quorum K  final verification (default 3/3)
--target FILE.mbt       one workspace-relative UTF8 source
--output DIR            new output directory outside the original workspace
--config FILE           JSON defaults; CLI overrides values
--cwd DIR               command directory relative to workspace (default .)
--expect nonzero|timeout|INTEGER
--stdout-contains TEXT / --stderr-contains TEXT (repeatable)
--stdout-not-contains TEXT / --stderr-not-contains TEXT (repeatable)
--stdout-regex PATTERN / --stderr-regex PATTERN (project mode)
--diagnostic-code CODE / --test-name NAME / --crash CLASS
--normalize / --wrapper / --timeout-tolerance 10ms
--reference ARG        repeat for each reference argv element
--differential stdout|stderr|exit|any
--ignore-case           case-insensitive output rules
--strip-locations       normalize :line:column numbers
--timeout 10s           per-command timeout, ms or s
--max-time 600s         total wall-time budget
--max-tests 1500        commands including 2 baseline + 3 final
--output-limit 1048576  retained bytes per stream; extra output drained
--ignore PATH           exact relative file/directory to omit (repeatable)
--protect PATH          reject protected target (repeatable)
--quiet / --verbose     suppress progress / report every command
--json-events          NDJSON events (also saved in output)
--help                 this reference

JSON environment is an object of explicit environment overrides.
Limits: 1000 files, 1 MiB/file, 16 MiB/project, 64 KiB/target.
Only run trusted commands. Copies are not a security sandbox.
