main.c
   Creating library E:\moonbit\MoonReduce\_build\native\release\build\cmd\main\main.lib and object E:\moonbit\MoonReduce\_build\native\release\build\cmd\main\main.exp
Finished. moon: ran 6 tasks, now up to date
Success: Installed `main` to `.moonreduce/windows-release-bin\main.exe`
MoonReduce 1.0.0 — trusted-project testcase reduction
moonreduce check [options] -- executable arg ...
moonreduce reduce [options] -- executable arg ...
moonreduce resume checkpoint.json [--output DIR] [--max-tests N]
moonreduce replay report.json [--output DIR]
moonreduce explain report.json
moonreduce diff report.json
moonreduce config validate FILE
moonreduce cache stats [--run DIR]
moonreduce cache clean --run DIR
moonreduce passes

--workspace DIR         input project (default .)
--project              reduce selected files as one project
--include GLOB         selected source pattern (repeatable)
--jobs N               project worker count, default 1
--score bytes|tokens|lines
--pass-include NAME / --pass-exclude NAME (repeatable)
--keep-workdir         retain candidate copies for inspection
--repeat N / --quorum K  project candidate repeats and acceptance threshold
--consecutive          require consecutive successes
--final-repeat N / --final-quorum K  final verification (default 3/3)
--target FILE.mbt       one workspace-relative UTF8 source
--output DIR            new output directory outside the original workspace
--config FILE           JSON defaults; CLI overrides values
--cwd DIR               command directory relative to workspace (default .)
--expect nonzero|timeout|INTEGER
--stdout-contains TEXT / --stderr-contains TEXT (repeatable)
--stdout-not-contains TEXT / --stderr-not-contains TEXT (repeatable)
--stdout-regex PATTERN / --stderr-regex PATTERN (project mode)
--diagnostic-code CODE / --test-name NAME / --crash CLASS
--normalize / --wrapper / --timeout-tolerance 10ms
--reference ARG        repeat for each reference argv element
--differential stdout|stderr|exit|any
--ignore-case           case-insensitive output rules
--strip-locations       normalize :line:column numbers
--timeout 10s           per-command timeout, ms or s
--max-time 600s         total wall-time budget
--max-tests 1500        commands including 2 baseline + 3 final
--output-limit 1048576  retained bytes per stream; extra output drained
--ignore PATH           exact relative file/directory to omit (repeatable)
--protect PATH          reject protected target (repeatable)
--quiet / --verbose     suppress progress / report every command
--json-events          NDJSON events (also saved in output)
--help                 this reference

JSON environment is an object of explicit environment overrides.
Limits: 1000 files, 1 MiB/file, 16 MiB/project, 64 KiB/target.
Only run trusted commands. Copies are not a security sandbox.

Algorithm : SHA256
Hash      : ED5B194C60EBF5AB5660450FE80A01D410867F37E4E3E9E227064CDEFBC223E2
Path      : E:\moonbit\MoonReduce\.moonreduce\windows-release-bin\main.exe

